// Jest Snapshot v1, https://goo.gl/fbAQLP

exports[`PlaceReviews component renders UI as expected with props 1`] = `
<Fragment>
  <div
    className="place-reviews"
  >
    <h2
      className="place-reviews-header"
    >
      Reviews
    </h2>
    <div
      className="place-reviews-content"
    >
      <ul
        className="places-item-reviews"
      >
        <Review
          key="1"
          place={
            Object {
              "address": "6529 SE Foster Rd",
              "average_review_rating": 4.5,
              "category": Array [
                "restaurants",
              ],
              "city": "Portland",
              "date_created": "2019-06-13",
              "descriptors": Array [
                "pizza",
                "arcade",
                "beer",
              ],
              "features": Object {
                "all ages": true,
                "arcade": true,
                "changing station": false,
                "comfortable seating": true,
                "flexible": true,
                "friendly staff": true,
                "highchairs/boosters": false,
                "kids menu": false,
                "patio/sidewalk": true,
                "play area": true,
                "quick service": true,
                "toys": true,
              },
              "hours": Array [
                Object {
                  "closes": "11:00 pm",
                  "dayOfWeek": "Monday",
                  "opens": "12:00 pm",
                },
                Object {
                  "closes": "11:00 pm",
                  "dayOfWeek": "Tuesday",
                  "opens": "12:00 pm",
                },
                Object {
                  "closes": "11:00 pm",
                  "dayOfWeek": "Wednesday",
                  "opens": "12:00 pm",
                },
                Object {
                  "closes": "11:00 pm",
                  "dayOfWeek": "Thursday",
                  "opens": "12:00 pm",
                },
                Object {
                  "closes": "12:00 am",
                  "dayOfWeek": "Friday",
                  "opens": "12:00 pm",
                },
                Object {
                  "closes": "12:00 am",
                  "dayOfWeek": "Saturday",
                  "opens": "12:00 pm",
                },
                Object {
                  "closes": "11:00 pm",
                  "dayOfWeek": "Sunday",
                  "opens": "12:00 pm",
                },
              ],
              "id": 1,
              "images": Array [
                Object {
                  "id": 1,
                  "place_id": 1,
                  "review_id": 1,
                  "src": "https://lh3.googleusercontent.com/ir83SjI1lJpHK4E5vQFwD7LfyE__eKaIvBtmFf1nV5wyfq-z5LVe4u7PuQvQ7ycqsFlGMe5vw3UNRB86G3SjLckIZKHgFSkz0-oQdLAAP2UxlUwq-HqDA116RjcI3iG-lA1ftsYr9S4=w2400",
                  "title": "Atlas Pizza's 'Jalapeno Popper' pie",
                  "user_id": 2,
                },
                Object {
                  "id": 2,
                  "place_id": 1,
                  "review_id": 2,
                  "src": "https://lh3.googleusercontent.com/CjUvS4WgCiSRTsUUAryiPcczqAdyaSDhDg1ZTT6OrdgjfdNiTE5Q14pwI-C2m49tSjQHMnBxDgpiZyYZkxEDE3KzI3DWLsT631ROrF1zTuJcBqEXcRN8PP5U3EcG-bmMclE_uKmWh2E=w2400",
                  "title": "A rainbow over Foster Blvd",
                  "user_id": 1,
                },
              ],
              "lat": 45.4892,
              "lng": -122.59507,
              "name": "Atlas Pizza",
              "neighborhood": "SE",
              "number_of_reviews": 2,
              "phone": "503-232-3004",
              "state": "OR",
              "website": "http://atlaspizzapdx.com",
              "zipcode": "97206",
            }
          }
          review={
            Object {
              "date_created": "2019-06-13",
              "id": 1,
              "images": Array [
                Object {
                  "id": 1,
                  "place_id": 1,
                  "src": "https://lh3.googleusercontent.com/QDwk6G6ZCwYzVH-yJHQ824GZ1wKW2XXus8hxxdH-4AAHz-FejC-UVydyE5le1ZvPTIo1cXw1G25qhljwS8dgyIedCCFtIxBonznVQ4LfaPDEZVWmqKS1vFqVUFFNmMmMlKQ5eCpfhNI=w2400",
                  "title": "Atlas Pizza's play area",
                  "user_id": 5,
                },
              ],
              "place_id": 1,
              "star_rating": 5,
              "text": "Atlas is our new favorite spot for a quick, painless dinner with our toddler. It's super casual -- order slices or pies at the counter, and they call your name for pickup when it's ready. Since it's new, the play area is pretty clean and well-stocked. There's an old church pew there for parents to sit and supervise, but the open floor plan means that you can see the play area from pretty much every table. We've only ordered slices, so we've never had to wait long. We're usually in and out in 30 minutes, which is just about perfect for us.",
              "user_id": 5,
            }
          }
          users={Array []}
        />
        <Review
          key="2"
          place={
            Object {
              "address": "6529 SE Foster Rd",
              "average_review_rating": 4.5,
              "category": Array [
                "restaurants",
              ],
              "city": "Portland",
              "date_created": "2019-06-13",
              "descriptors": Array [
                "pizza",
                "arcade",
                "beer",
              ],
              "features": Object {
                "all ages": true,
                "arcade": true,
                "changing station": false,
                "comfortable seating": true,
                "flexible": true,
                "friendly staff": true,
                "highchairs/boosters": false,
                "kids menu": false,
                "patio/sidewalk": true,
                "play area": true,
                "quick service": true,
                "toys": true,
              },
              "hours": Array [
                Object {
                  "closes": "11:00 pm",
                  "dayOfWeek": "Monday",
                  "opens": "12:00 pm",
                },
                Object {
                  "closes": "11:00 pm",
                  "dayOfWeek": "Tuesday",
                  "opens": "12:00 pm",
                },
                Object {
                  "closes": "11:00 pm",
                  "dayOfWeek": "Wednesday",
                  "opens": "12:00 pm",
                },
                Object {
                  "closes": "11:00 pm",
                  "dayOfWeek": "Thursday",
                  "opens": "12:00 pm",
                },
                Object {
                  "closes": "12:00 am",
                  "dayOfWeek": "Friday",
                  "opens": "12:00 pm",
                },
                Object {
                  "closes": "12:00 am",
                  "dayOfWeek": "Saturday",
                  "opens": "12:00 pm",
                },
                Object {
                  "closes": "11:00 pm",
                  "dayOfWeek": "Sunday",
                  "opens": "12:00 pm",
                },
              ],
              "id": 1,
              "images": Array [
                Object {
                  "id": 1,
                  "place_id": 1,
                  "review_id": 1,
                  "src": "https://lh3.googleusercontent.com/ir83SjI1lJpHK4E5vQFwD7LfyE__eKaIvBtmFf1nV5wyfq-z5LVe4u7PuQvQ7ycqsFlGMe5vw3UNRB86G3SjLckIZKHgFSkz0-oQdLAAP2UxlUwq-HqDA116RjcI3iG-lA1ftsYr9S4=w2400",
                  "title": "Atlas Pizza's 'Jalapeno Popper' pie",
                  "user_id": 2,
                },
                Object {
                  "id": 2,
                  "place_id": 1,
                  "review_id": 2,
                  "src": "https://lh3.googleusercontent.com/CjUvS4WgCiSRTsUUAryiPcczqAdyaSDhDg1ZTT6OrdgjfdNiTE5Q14pwI-C2m49tSjQHMnBxDgpiZyYZkxEDE3KzI3DWLsT631ROrF1zTuJcBqEXcRN8PP5U3EcG-bmMclE_uKmWh2E=w2400",
                  "title": "A rainbow over Foster Blvd",
                  "user_id": 1,
                },
              ],
              "lat": 45.4892,
              "lng": -122.59507,
              "name": "Atlas Pizza",
              "neighborhood": "SE",
              "number_of_reviews": 2,
              "phone": "503-232-3004",
              "state": "OR",
              "website": "http://atlaspizzapdx.com",
              "zipcode": "97206",
            }
          }
          review={
            Object {
              "date_created": "2019-06-13",
              "id": 2,
              "images": Array [],
              "place_id": 1,
              "star_rating": 4,
              "text": "Very easy place to take kids of all ages. Nice toy area with a great variety of toys!",
              "user_id": 1,
            }
          }
          users={Array []}
        />
      </ul>
    </div>
  </div>
  <div
    className="write-review-btn-container"
  >
    <button
      aria-label="write-review"
      className="write-review-btn"
    >
      <Link
        to={
          Object {
            "pathname": "/places/1/reviews",
            "state": Object {
              "place": Object {
                "address": "6529 SE Foster Rd",
                "average_review_rating": 4.5,
                "category": Array [
                  "restaurants",
                ],
                "city": "Portland",
                "date_created": "2019-06-13",
                "descriptors": Array [
                  "pizza",
                  "arcade",
                  "beer",
                ],
                "features": Object {
                  "all ages": true,
                  "arcade": true,
                  "changing station": false,
                  "comfortable seating": true,
                  "flexible": true,
                  "friendly staff": true,
                  "highchairs/boosters": false,
                  "kids menu": false,
                  "patio/sidewalk": true,
                  "play area": true,
                  "quick service": true,
                  "toys": true,
                },
                "hours": Array [
                  Object {
                    "closes": "11:00 pm",
                    "dayOfWeek": "Monday",
                    "opens": "12:00 pm",
                  },
                  Object {
                    "closes": "11:00 pm",
                    "dayOfWeek": "Tuesday",
                    "opens": "12:00 pm",
                  },
                  Object {
                    "closes": "11:00 pm",
                    "dayOfWeek": "Wednesday",
                    "opens": "12:00 pm",
                  },
                  Object {
                    "closes": "11:00 pm",
                    "dayOfWeek": "Thursday",
                    "opens": "12:00 pm",
                  },
                  Object {
                    "closes": "12:00 am",
                    "dayOfWeek": "Friday",
                    "opens": "12:00 pm",
                  },
                  Object {
                    "closes": "12:00 am",
                    "dayOfWeek": "Saturday",
                    "opens": "12:00 pm",
                  },
                  Object {
                    "closes": "11:00 pm",
                    "dayOfWeek": "Sunday",
                    "opens": "12:00 pm",
                  },
                ],
                "id": 1,
                "images": Array [
                  Object {
                    "id": 1,
                    "place_id": 1,
                    "review_id": 1,
                    "src": "https://lh3.googleusercontent.com/ir83SjI1lJpHK4E5vQFwD7LfyE__eKaIvBtmFf1nV5wyfq-z5LVe4u7PuQvQ7ycqsFlGMe5vw3UNRB86G3SjLckIZKHgFSkz0-oQdLAAP2UxlUwq-HqDA116RjcI3iG-lA1ftsYr9S4=w2400",
                    "title": "Atlas Pizza's 'Jalapeno Popper' pie",
                    "user_id": 2,
                  },
                  Object {
                    "id": 2,
                    "place_id": 1,
                    "review_id": 2,
                    "src": "https://lh3.googleusercontent.com/CjUvS4WgCiSRTsUUAryiPcczqAdyaSDhDg1ZTT6OrdgjfdNiTE5Q14pwI-C2m49tSjQHMnBxDgpiZyYZkxEDE3KzI3DWLsT631ROrF1zTuJcBqEXcRN8PP5U3EcG-bmMclE_uKmWh2E=w2400",
                    "title": "A rainbow over Foster Blvd",
                    "user_id": 1,
                  },
                ],
                "lat": 45.4892,
                "lng": -122.59507,
                "name": "Atlas Pizza",
                "neighborhood": "SE",
                "number_of_reviews": 2,
                "phone": "503-232-3004",
                "state": "OR",
                "website": "http://atlaspizzapdx.com",
                "zipcode": "97206",
              },
            },
          }
        }
      >
        <FontAwesomeIcon
          border={false}
          className=""
          fixedWidth={false}
          flip={null}
          icon="pen"
          inverse={false}
          listItem={false}
          mask={null}
          pull={null}
          pulse={false}
          rotation={null}
          size="sm"
          spin={false}
          symbol={false}
          title=""
          transform={null}
        />
        <span>
          Write a review
        </span>
      </Link>
    </button>
  </div>
</Fragment>
`;
