// Jest Snapshot v1, https://goo.gl/fbAQLP

exports[`MapContainer component renders UI as expected 1`] = `
<section
  className="searchbar"
>
  <form
    className="search-form"
  >
    <label
      className="search-label"
      htmlFor="search"
    />
    <input
      className="search-input"
      id="search"
      placeholder="Search"
      type="text"
    />
    <button
      className="search-btn"
      type="submit"
    >
      <FontAwesomeIcon
        border={false}
        className=""
        fixedWidth={false}
        flip={null}
        icon="search"
        inverse={false}
        listItem={false}
        mask={null}
        pull={null}
        pulse={false}
        rotation={null}
        size={null}
        spin={false}
        symbol={false}
        title=""
        transform={null}
      />
    </button>
    <fieldset
      className="filters"
    >
      <div
        className="filter-category"
      >
        <label
          className="form-label"
          htmlFor="category"
        >
          Category:
        </label>
        <select
          className="form-select"
          id="category"
          type="text"
        >
          <option
            value=""
          />
          <option
            value="restaurant"
          >
            restaurant
          </option>
          <option
            value="attraction"
          >
            attraction
          </option>
          <option
            value="museum"
          >
            museum
          </option>
          <option
            value="park"
          >
            park
          </option>
          <option
            value="indoor play"
          >
            indoor play
          </option>
          <option
            value="toy store"
          >
            toy store
          </option>
        </select>
      </div>
      <div
        className="filter-neighborhood"
      >
        <label
          className="form-label"
          htmlFor="neighborhood"
        >
          Neighborhood:
        </label>
        <select
          className="form-select"
          id="neighborhood"
          type="text"
        >
          <option
            value=""
          />
          <option
            value="N"
          >
            N
          </option>
          <option
            value="NE"
          >
            NE
          </option>
          <option
            value="NW"
          >
            NW
          </option>
          <option
            value="Downtown"
          >
            Downtown
          </option>
          <option
            value="SW"
          >
            SW
          </option>
          <option
            value="SE"
          >
            SE
          </option>
          <option
            value="Beaverton"
          >
            Beaverton
          </option>
          <option
            value="Vancouver"
          >
            Vancouver
          </option>
          <option
            value="Clackamas"
          >
            Clackamas
          </option>
          <option
            value="Milwaukie"
          >
            Milwaukie
          </option>
        </select>
      </div>
    </fieldset>
  </form>
</section>
`;
