// Jest Snapshot v1, https://goo.gl/fbAQLP

exports[`Header component renders UI as expected 1`] = `
<header
  className="Header"
  role="banner"
>
  <h1
    className="Header__title"
  >
    <NavLink
      activeClassName="hidden"
      exact={true}
      to="/"
    >
      <span>
        KID-FRIENDLY PDX
      </span>
    </NavLink>
  </h1>
  <nav
    className="Header__nav-not-logged-in"
    role="navigation"
  >
    <div
      className="Header__nav-not-logged-in-links"
    >
      <Link
        className="navlink-left"
        to="/login"
      >
        LOG IN
      </Link>
      <Link
        className="navlink-right"
        to="/signup"
      >
        SIGN UP
      </Link>
    </div>
  </nav>
</header>
`;
