// Jest Snapshot v1, https://goo.gl/fbAQLP

exports[`HomePage component renders UI as expected 1`] = `
<div
  className="hero"
>
  <header
    role="banner"
  >
    <h1>
      <Link
        to="/"
      >
        Kid-Friendly PDX
      </Link>
    </h1>
    <p>
      Find the most welcoming spots in town.
    </p>
  </header>
  <SearchBar
    category=""
    fireRedirect={false}
    handleSubmit={[Function]}
    handleUpdateCategory={[Function]}
    handleUpdateNeighborhood={[Function]}
    handleUpdateSearch={[Function]}
    neighborhood=""
    searchTerm=""
  />
</div>
`;
