// Jest Snapshot v1, https://goo.gl/fbAQLP

exports[`SignupForm component renders UI as expected 1`] = `
<form
  className="signup-form"
  onSubmit={[Function]}
>
  <div
    role="alert"
  />
  <div
    className="display_name"
  >
    <label
      htmlFor="display_name"
    >
      Display name
      <span
        className="signup-rule"
        id="signup-rule"
      >
         -- between 3 and 20 characters
      </span>
    </label>
    <input
      aria-describedby="signup-rule"
      aria-label="display name"
      aria-required="true"
      autoComplete="off"
      id="display_name"
      maxLength="20"
      minLength="3"
      name="display_name"
      required={true}
      type="text"
    />
  </div>
  <div
    className="email"
  >
    <label
      htmlFor="email"
    >
      Email address
    </label>
    <input
      aria-label="email address"
      aria-required="true"
      autoComplete="off"
      id="email"
      name="email"
      required={true}
      type="email"
    />
  </div>
  <div
    className="password"
  >
    <label
      htmlFor="password"
    >
      Password
      <span
        className="signup-rule"
        id="signup-rule"
      >
         -- at least 6 characters, one number
      </span>
    </label>
    <input
      aria-describedby="signup-rule"
      aria-label="password"
      aria-required="true"
      autoComplete="off"
      id="password"
      maxLength="36"
      minLength="6"
      name="password"
      pattern=".*[0-9].*"
      required={true}
      type="password"
    />
  </div>
  <button
    aria-label="sign up"
    className="signup-btn"
    type="submit"
  >
    Sign Up
  </button>
</form>
`;
