// Jest Snapshot v1, https://goo.gl/fbAQLP

exports[`ReviewForm component renders UI as expected 1`] = `
<Fragment>
  <div
    role="alert"
  />
  <form
    className="review-form"
    encType="multipart/form-data"
    method="post"
    onSubmit={[Function]}
  >
    <div
      className="star-rating-select"
    >
      <label
        htmlFor="rating"
      >
        Your rating: 
      </label>
      <div
        className="star-container"
        style={
          Object {
            "display": "inline",
            "fontSize": "34px",
            "height": "100%",
            "margin": "-1px 0 0 0",
            "padding": "0 0 0 10px",
            "verticalAlign": "middle",
          }
        }
      >
        <StarRatingComponent
          editing={true}
          emptyStarColor="#333"
          name="rating"
          onStarClick={[Function]}
          starColor="#ffb400"
          starCount={5}
          value={0}
        />
      </div>
    </div>
    <ValidationError
      hasError={true}
      message=""
    />
    <div
      className="text"
    >
      <textarea
        aria-label="review-text"
        aria-required="true"
        className="review-text"
        name="text"
        placeholder="Share your experience with others. How kid-friendly is this place?"
        required={true}
      />
    </div>
    <_default
      iconClass="icon"
      onChange={[Function]}
      uploadSpan="Upload Photos"
    />
    <div
      className="upload-container"
    >
      <div
        className="render-container"
      />
    </div>
    <div
      className="button-container"
    >
      <button
        aria-label="submit review"
        className="review-btn"
        type="submit"
      >
        Post Review
      </button>
    </div>
  </form>
</Fragment>
`;
